[index-2.html]
[backblue.gif]
[fade.gif]
[index.html]
[uploads/usQLeUJs/favicon.ico]
[381d49b3ff295e0d1f33208a895092b6/css/grids302d.css]
[381d49b3ff295e0d1f33208a895092b6/css/hcaptcha302d.css]
[assets/user-style8878.css]
[assets/sitestyle8878.css]
[381d49b3ff295e0d1f33208a895092b6/css/external-libs302d.css]
[uploads/Ua7SlpZs/236x0_208x0/logopedia-comins-logo.png]
[trastornos-de-la-voz.html]
[trastornos-del-lenguaje.html]
[trastornos-del-lenguaje-escrito.html]
[problemas-de-atencion.html]
[afasias.html]
[degluciones-atipicas.html]
[alteraciones-del-ritmo-del-habla.html]
[neuropsicomotricidad.html]
[contacto.html]
[gracias.html]
[aviso-legal.html]
[politica-de-privacidad.html]
[politica-de-cookies.html]
[uploads/uwSyuJy1/727x0_783x0/icono-trastornos-de-la-voz.png]
[uploads/S63frDg7/727x0_783x0/icono-trastornos-del-lenguaje.png]
[uploads/XjzEXEJT/727x0_783x0/icono-trastornos-del-lenguaje-escrito.png]
[uploads/wgM0LlcD/737x0_1109x0/logopedia-comins-instalaciones-de-la-empresa4.jpg]
[uploads/vHH7nbH9/767x0_2560x0/logopedia-comins-instalaciones-de-la-empresa3.jpg]
[uploads/vHH7nbH9/357x357_269x269/logopedia-comins-instalaciones-de-la-empresa3.jpg]
[uploads/LWaFkmQb/767x0_2560x0/logopedia-comins-instalaciones-de-la-empresa6.jpg]
[uploads/LWaFkmQb/357x357_269x269/logopedia-comins-instalaciones-de-la-empresa6.jpg]
[uploads/2RS9VbGy/767x0_2560x0/logopedia-comins-instalaciones-de-la-empresa8.jpg]
[uploads/2RS9VbGy/357x357_269x269/logopedia-comins-instalaciones-de-la-empresa8.jpg]
[uploads/pfVfk5SS/767x0_2560x0/IMG-20220701-WA0100.jpg]
[uploads/pfVfk5SS/357x357_269x269/IMG-20220701-WA0100.jpg]
[uploads/29JcRCMH/767x0_2560x0/IMG-20220701-WA0102.jpg]
[uploads/29JcRCMH/357x357_269x269/IMG-20220701-WA0102.jpg]
[uploads/qbKHsznb/767x0_2560x0/logopedia-comins-instalaciones-de-la-empresa9.jpg]
[uploads/qbKHsznb/357x357_269x269/logopedia-comins-instalaciones-de-la-empresa9.jpg]
[uploads/Iet8EKYV/767x0_2560x0/logopedia-comins-instalaciones-de-la-empresa10.jpg]
[uploads/Iet8EKYV/357x357_269x269/logopedia-comins-instalaciones-de-la-empresa10.jpg]
[uploads/2jWr8VuR/767x0_2560x0/logopedia-comins-instalaciones-de-la-empresa11.jpg]
[uploads/2jWr8VuR/357x357_269x269/logopedia-comins-instalaciones-de-la-empresa11.jpg]
[uploads/wgM0LlcD/767x0_2560x0/logopedia-comins-instalaciones-de-la-empresa4.jpg]
[uploads/wgM0LlcD/357x357_269x269/logopedia-comins-instalaciones-de-la-empresa4.jpg]
[uploads/PA3VOC15/767x0_2560x0/logopedia-comins-instalaciones-de-la-empresa12.jpg]
[uploads/PA3VOC15/357x357_269x269/logopedia-comins-instalaciones-de-la-empresa12.jpg]
[uploads/37oB4JZA/767x0_2560x0/logopedia-comins-instalaciones-de-la-empresa16.jpg]
[uploads/37oB4JZA/357x357_269x269/logopedia-comins-instalaciones-de-la-empresa16.jpg]
[uploads/gAZJFTa7/767x0_2560x0/logopedia-comins-instalaciones-de-la-empresa18.jpg]
[uploads/gAZJFTa7/357x357_269x269/logopedia-comins-instalaciones-de-la-empresa18.jpg]
[uploads/rhiPk4cw/767x0_2560x0/logopedia-comins-instalaciones-de-la-empresa19.jpg]
[uploads/rhiPk4cw/357x357_269x269/logopedia-comins-instalaciones-de-la-empresa19.jpg]
[uploads/LkHpv9KA/767x0_2560x0/IMG-20220701-WA0099.jpg]
[uploads/LkHpv9KA/357x357_269x269/IMG-20220701-WA0099.jpg]
[uploads/EZGHdm0q/767x0_2560x0/IMG-20220701-WA0101.jpg]
[uploads/EZGHdm0q/357x357_269x269/IMG-20220701-WA0101.jpg]
[uploads/Ua7SlpZs/369x0_153x0/logopedia-comins-logo.png]
[381d49b3ff295e0d1f33208a895092b6/js/loader-polyfills302d.js]
[381d49b3ff295e0d1f33208a895092b6/js/loader302d.js]
[analytics.js]
[custGa0.set]
[index-2.html]
[gtm5445.html]
[381d49b3ff295e0d1f33208a895092b6/js/reseller/padigital/s_code1.0.js]
[381d49b3ff295e0d1f33208a895092b6/css/fonts/fontawesome-webfont.eot]
[381d49b3ff295e0d1f33208a895092b6/css/fonts/fontawesome-webfont.woff2]
[381d49b3ff295e0d1f33208a895092b6/css/fonts/fontawesome-webfont.woff]
[381d49b3ff295e0d1f33208a895092b6/css/fonts/fontawesome-webfont.ttf]
[381d49b3ff295e0d1f33208a895092b6/css/grids302d.css]
[381d49b3ff295e0d1f33208a895092b6/css/fonts/fontawesome-webfont.svg]
[381d49b3ff295e0d1f33208a895092b6/css/hcaptcha302d.css]
[assets/fonts/fontello.eot]
[assets/fonts/fontellod41d.eot]
[assets/fonts/fontello.woff]
[assets/fonts/fontello.ttf]
[assets/fonts/nationale-demibold-webfont.eot]
[assets/fonts/nationale-demibold-webfontd41d.eot]
[assets/fonts/nationale-demibold-webfont.woff]
[assets/fonts/nationale-demibold-webfont.ttf]
[assets/fonts/nationale-extrabold-webfont.eot]
[assets/fonts/nationale-extrabold-webfontd41d.eot]
[assets/fonts/nationale-extrabold-webfont.woff]
[assets/fonts/nationale-extrabold-webfont.woff2]
[assets/fonts/nationale-extrabold-webfont.ttf]
[assets/fonts/nationale-regular-webfont.eot]
[assets/fonts/nationale-regular-webfontd41d.eot]
[assets/fonts/nationale-regular-webfont.woff]
[assets/fonts/nationale-regular-webfont.ttf]
[assets/css/img/loading-2x.png]
[assets/css/img/loading.png]
[assets/css/img/defaultImgPlaceholder.png]
[tactile/omnibox/reveal-entity-icons-20131112.png]
[assets/css/img/hcaptcha.png]
[assets/user-style8878.css]
[uploads/WsNvPKZf/767x0_2560x0/logopedia-comins-banner-inicio.jpg]
[uploads/UPpX3wLk/767x0_2560x0/logopedia-comins-banner-trastorno-de-la-voz.jpg]
[uploads/jNxRghB7/767x0_2560x0/logopedia-comins-banner-trastorno-del-lenguaje.jpg]
[uploads/CEhXtb0H/767x0_2560x0/logopedia-comins-banner-trastorno-del-lenguaje-escrito.jpg]
[uploads/qk0xpdnh/767x0_2560x0/logopedia-comins-banner-problemas-de-atencion.jpg]
[uploads/vPD3FjZy/767x0_2560x0/logopedia-comins-banner-afasias.jpg]
[uploads/EEmP6NX2/767x0_2560x0/logopedia-comins-banner-degluciones.jpg]
[uploads/XIFcmUEt/767x0_2560x0/logopedia-comins-banner-alteraciones-ritmo-del-habla.jpg]
[uploads/8YAuCsIY/767x0_2560x0/logopedia-comins-banner-neuropsicomotricidad.jpg]
[assets/sitestyle8878.css]
[381d49b3ff295e0d1f33208a895092b6/css/images/marker-icon.png]
[381d49b3ff295e0d1f33208a895092b6/css/external-libs302d.css]
[uploads/ZzGWPWf9/737x0_1109x0/logopedia-comins-degluciones.jpg]
[trastornos-de-la-voz.html]
[uploads/vY7uzjaq/737x0_1109x0/logopedia-comins-sala-de-terapia-de-lenguaje.jpg]
[trastornos-del-lenguaje.html]
[uploads/I2IIvulQ/737x0_1109x0/logopedia-comins-mujer-en-sala-de-terapia-de-lenguaje-escrito.jpg]
[uploads/eUD0vpSL/767x0_2560x0/logopedia-comins-tratamiento-lenguaje-escrito6.jpg]
[uploads/eUD0vpSL/230x230_564x564/logopedia-comins-tratamiento-lenguaje-escrito6.jpg]
[uploads/Guw4Imrp/767x0_2560x0/logopedia-comins-tratamiento-lenguaje-escrito2.jpg]
[trastornos-del-lenguaje-escrito.html]
[uploads/Guw4Imrp/230x230_564x564/logopedia-comins-tratamiento-lenguaje-escrito2.jpg]
[uploads/CB5w1fSe/737x0_1109x0/logopedia-comins-nino-con-deficit-de-atencion.jpg]
[problemas-de-atencion.html]
[uploads/ddi7T2VC/357x357_549x0/logopedia-comins-tratamiento-de-afasias1.jpg]
[uploads/rXxdNvmE/357x357_549x0/logopedia-comins-tratamiento-de-afasias2.jpg]
[afasias.html]
[uploads/T87Stn8J/737x0_1109x0/logopedia-comins-dentadura-de-nino.jpg]
[uploads/C3nFv5E0/767x0_2560x0/logopedia-comins-sala-de-tratamiento-de-degluciones-atipicas1.jpg]
[uploads/C3nFv5E0/357x357_269x269/logopedia-comins-sala-de-tratamiento-de-degluciones-atipicas1.jpg]
[uploads/TgvmPKEM/767x0_2560x0/logopedia-comins-sala-de-tratamiento-de-degluciones-atipicas2.jpg]
[uploads/TgvmPKEM/357x357_269x269/logopedia-comins-sala-de-tratamiento-de-degluciones-atipicas2.jpg]
[uploads/jRVDe0JR/767x0_2560x0/logopedia-comins-sala-de-tratamiento-de-degluciones-atipicas3.jpg]
[uploads/jRVDe0JR/357x357_269x269/logopedia-comins-sala-de-tratamiento-de-degluciones-atipicas3.jpg]
[uploads/TwKedNnw/767x0_2560x0/logopedia-comins-sala-de-tratamiento-de-degluciones-atipicas4.jpg]
[uploads/TwKedNnw/357x357_269x269/logopedia-comins-sala-de-tratamiento-de-degluciones-atipicas4.jpg]
[degluciones-atipicas.html]
[uploads/LBA3Sewz/737x0_1109x0/logopedia-comins-nino-hablando-por-movil.jpg]
[alteraciones-del-ritmo-del-habla.html]
[uploads/dpaEKZ6A/737x0_1109x0/logopedia-comins-elementos-para-ejercicios-de-psicomotricidad.jpg]
[uploads/lmBdBP91/767x0_2560x0/logopedia-comins-psicomotricidad1.jpg]
[uploads/lmBdBP91/230x230_153x153/logopedia-comins-psicomotricidad1.jpg]
[uploads/RzM1up4O/767x0_2560x0/logopedia-comins-psicomotricidad2.jpg]
[uploads/RzM1up4O/230x230_153x153/logopedia-comins-psicomotricidad2.jpg]
[uploads/GKM9W9LX/767x0_2560x0/logopedia-comins-psicomotricidad3.jpg]
[uploads/GKM9W9LX/230x230_153x153/logopedia-comins-psicomotricidad3.jpg]
[uploads/q3FZyGND/767x0_2560x0/logopedia-comins-psicomotricidad4.jpg]
[uploads/q3FZyGND/230x230_153x153/logopedia-comins-psicomotricidad4.jpg]
[uploads/aEDyxtlH/767x0_2560x0/logopedia-comins-psicomotricidad5.jpg]
[uploads/aEDyxtlH/230x230_153x153/logopedia-comins-psicomotricidad5.jpg]
[uploads/DpsYOQak/767x0_2560x0/logopedia-comins-psicomotricidad6.jpg]
[uploads/DpsYOQak/230x230_153x153/logopedia-comins-psicomotricidad6.jpg]
[uploads/i7D4nkEH/767x0_2560x0/logopedia-comins-psicomotricidad24.jpg]
[uploads/i7D4nkEH/230x230_153x153/logopedia-comins-psicomotricidad24.jpg]
[uploads/Dgfi7C5f/767x0_2560x0/logopedia-comins-psicomotricidad26.jpg]
[uploads/Dgfi7C5f/230x230_153x153/logopedia-comins-psicomotricidad26.jpg]
[uploads/8WszSBm7/767x0_2560x0/logopedia-comins-psicomotricidad27.jpg]
[uploads/8WszSBm7/230x230_153x153/logopedia-comins-psicomotricidad27.jpg]
[uploads/kWp49BDL/767x0_2560x0/logopedia-comins-psicomotricidad28.jpg]
[uploads/kWp49BDL/230x230_153x153/logopedia-comins-psicomotricidad28.jpg]
[uploads/47HGVIsa/767x0_2560x0/logopedia-comins-psicomotricidad29.jpg]
[uploads/47HGVIsa/230x230_153x153/logopedia-comins-psicomotricidad29.jpg]
[uploads/fI1PZYbN/767x0_2560x0/logopedia-comins-psicomotricidad30.jpg]
[uploads/fI1PZYbN/230x230_153x153/logopedia-comins-psicomotricidad30.jpg]
[uploads/Oog9cRSp/767x0_2560x0/logopedia-comins-psicomotricidad31.jpg]
[uploads/Oog9cRSp/230x230_153x153/logopedia-comins-psicomotricidad31.jpg]
[uploads/jQNx83D2/767x0_2560x0/logopedia-comins-psicomotricidad32.jpg]
[uploads/jQNx83D2/230x230_153x153/logopedia-comins-psicomotricidad32.jpg]
[neuropsicomotricidad.html]
[contacto.html]
[gracias.html]
[aviso-legal.html]
[politica-de-privacidad.html]
[politica-de-cookies.html]
[custGa0.html]
[381d49b3ff295e0d1f33208a895092b6/css/fonts/fontawesome-webfont.svg]
[assets/css/img/hcaptcha-badge-tool.html]
[assets/fonts/fontello.svg]
[assets/fonts/nationale-demibold-webfont.svg]
[assets/fonts/nationale-extrabold-webfont.svg]
[assets/fonts/nationale-regular-webfont.svg]
[assets/css/icons/accordd.svg]
[assets/css/icons/ad.svg]
[assets/css/icons/ae.svg]
[assets/css/icons/af.svg]
[assets/css/icons/ag.svg]
[assets/css/icons/ai.svg]
[assets/css/icons/al.svg]
[assets/css/icons/am.svg]
[assets/css/icons/americanexpress.svg]
[assets/css/icons/ao.svg]
[assets/css/icons/aq.svg]
[assets/css/icons/ar.svg]
[assets/css/icons/as.svg]
[assets/css/icons/at.svg]
[assets/css/icons/au.svg]
[assets/css/icons/aw.svg]
[assets/css/icons/ax.svg]
[assets/css/icons/az.svg]
[assets/css/icons/ba.svg]
[assets/css/icons/bb.svg]
[assets/css/icons/bd.svg]
[assets/css/icons/be.svg]
[assets/css/icons/bf.svg]
[assets/css/icons/bg.svg]
[assets/css/icons/bh.svg]
[assets/css/icons/bi.svg]
[assets/css/icons/bj.svg]
[assets/css/icons/bl.svg]
[assets/css/icons/bm.svg]
[assets/css/icons/bn.svg]
[assets/css/icons/bo.svg]
[assets/css/icons/bq.svg]
[assets/css/icons/br.svg]
[assets/css/icons/bs.svg]
[assets/css/icons/bt.svg]
[assets/css/icons/bv.svg]
[assets/css/icons/bw.svg]
[assets/css/icons/by.svg]
[assets/css/icons/bz.svg]
[assets/css/icons/ca.svg]
[assets/css/icons/cash.svg]
[assets/css/icons/cc.svg]
[assets/css/icons/cd.svg]
[assets/css/icons/cf.svg]
[assets/css/icons/cg.svg]
[assets/css/icons/ch.svg]
[assets/css/icons/cheque.svg]
[assets/css/icons/ci.svg]
[assets/css/icons/ck.svg]
[assets/css/icons/cl.svg]
[assets/css/icons/cm.svg]
[assets/css/icons/cn.svg]
[assets/css/icons/co.svg]
[assets/css/icons/cr.svg]
[assets/css/icons/cu.svg]
[assets/css/icons/cv.svg]
[assets/css/icons/cw.svg]
[assets/css/icons/cx.svg]
[assets/css/icons/cy.svg]
[assets/css/icons/cz.svg]
[assets/css/icons/de.svg]
[assets/css/icons/dinersclub.svg]
[assets/css/icons/6.323]
[assets/css/icons/discover.svg]
[assets/css/icons/dj.svg]
[assets/css/icons/dk.svg]
[assets/css/icons/dm.svg]
[assets/css/icons/do.svg]
[assets/css/icons/dz.svg]
[assets/css/icons/ec.svg]
[assets/css/icons/ee.svg]
[assets/css/icons/eg.svg]
[assets/css/icons/eh.svg]
[assets/css/icons/emailtransfer.svg]
[assets/css/icons/er.svg]
[assets/css/icons/es.svg]
[assets/css/icons/es-ct.svg]
[assets/css/icons/es-ga.svg]
[assets/css/icons/es-pv.svg]
[assets/css/icons/et.svg]
[assets/css/icons/eu.svg]
[assets/css/icons/fi.svg]
[assets/css/icons/fj.svg]
[assets/css/icons/fk.svg]
[assets/css/icons/fm.svg]
[assets/css/icons/fo.svg]
[assets/css/icons/fr-cash.svg]
[assets/css/icons/fr-cheque.svg]
[assets/css/icons/fr-emailtransfer.svg]
[assets/css/icons/fr-giftcard.svg]
[assets/css/icons/fr-interac.svg]
[assets/css/icons/fr-interacetransfer.svg]
[assets/css/icons/fr-travelerscheque.svg]
[assets/css/icons/fr.svg]
[assets/css/icons/ga.svg]
[assets/css/icons/gb-eng.svg]
[assets/css/icons/gb-nir.svg]
[assets/css/icons/gb-sct.svg]
[assets/css/icons/gb-wls.svg]
[assets/css/icons/gb.svg]
[assets/css/icons/gd.svg]
[assets/css/icons/ge.svg]
[assets/css/icons/gf.svg]
[assets/css/icons/gg.svg]
[assets/css/icons/gh.svg]
[assets/css/icons/gi.svg]
[assets/css/icons/giftcard.svg]
[assets/css/icons/gl.svg]
[assets/css/icons/gm.svg]
[assets/css/icons/gn.svg]
[assets/css/icons/gp.svg]
[assets/css/icons/gq.svg]
[assets/css/icons/gr.svg]
[assets/css/icons/gs.svg]
[assets/css/icons/gt.svg]
[assets/css/icons/gu.svg]
[assets/css/icons/gw.svg]
[assets/css/icons/gy.svg]
[assets/css/icons/hk.svg]
[assets/css/icons/hm.svg]
[assets/css/icons/hn.svg]
[assets/css/icons/hr.svg]
[assets/css/icons/ht.svg]
[assets/css/icons/hu.svg]
[assets/css/icons/id.svg]
[assets/css/icons/ie.svg]
[assets/css/icons/il.svg]
[assets/css/icons/im.svg]
[assets/css/icons/in.svg]
[assets/css/icons/interac.svg]
[assets/css/icons/interacetransfer.svg]
[assets/css/icons/io.svg]
[assets/css/icons/iq.svg]
[assets/css/icons/ir.svg]
[assets/css/icons/is.svg]
[assets/css/icons/it.svg]
[assets/css/icons/je.svg]
[assets/css/icons/jm.svg]
[assets/css/icons/jo.svg]
[assets/css/icons/jp.svg]
[assets/css/icons/ke.svg]
[assets/css/icons/kg.svg]
[assets/css/icons/kh.svg]
[assets/css/icons/ki.svg]
[assets/css/icons/klarna.svg]
[assets/css/icons/km.svg]
[assets/css/icons/kn.svg]
[assets/css/icons/kp.svg]
[assets/css/icons/kr.svg]
[assets/css/icons/kw.svg]
[assets/css/icons/ky.svg]
[assets/css/icons/kz.svg]
[assets/css/icons/la.svg]
[assets/css/icons/lb.svg]
[assets/css/icons/lc.svg]
[assets/css/icons/li.svg]
[assets/css/icons/lk.svg]
[assets/css/icons/lr.svg]
[assets/css/icons/ls.svg]
[assets/css/icons/lt.svg]
[assets/css/icons/lu.svg]
[assets/css/icons/lv.svg]
[assets/css/icons/ly.svg]
[assets/css/icons/ma.svg]
[assets/css/icons/mastercard.svg]
[assets/css/icons/maestro.svg]
[assets/css/icons/mc.svg]
[assets/css/icons/md.svg]
[assets/css/icons/me.svg]
[assets/css/icons/mf.svg]
[assets/css/icons/mg.svg]
[assets/css/icons/mh.svg]
[assets/css/icons/mk.svg]
[assets/css/icons/ml.svg]
[assets/css/icons/mm.svg]
[assets/css/icons/mn.svg]
[assets/css/icons/mo.svg]
[assets/css/icons/mp.svg]
[assets/css/icons/mq.svg]
[assets/css/icons/mr.svg]
[assets/css/icons/ms.svg]
[assets/css/icons/mt.svg]
[assets/css/icons/mu.svg]
[assets/css/icons/mv.svg]
[assets/css/icons/mw.svg]
[assets/css/icons/mx.svg]
[assets/css/icons/my.svg]
[assets/css/icons/mz.svg]
[assets/css/icons/na.svg]
[assets/css/icons/nc.svg]
[assets/css/icons/ne.svg]
[assets/css/icons/nf.svg]
[assets/css/icons/ng.svg]
[assets/css/icons/ni.svg]
[assets/css/icons/nl.svg]
[assets/css/icons/no.svg]
[assets/css/icons/np.svg]
[assets/css/icons/nr.svg]
[assets/css/icons/nu.svg]
[assets/css/icons/nz.svg]
[assets/css/icons/om.svg]
[assets/css/icons/pa.svg]
[assets/css/icons/papal.svg]
[assets/css/icons/paypal.svg]
[assets/css/icons/pe.svg]
[assets/css/icons/pf.svg]
[assets/css/icons/pg.svg]
[assets/css/icons/ph.svg]
[assets/css/icons/pk.svg]
[assets/css/icons/pl.svg]
[assets/css/icons/postfinance.svg]
[assets/css/icons/pm.svg]
[assets/css/icons/pn.svg]
[assets/css/icons/pr.svg]
[assets/css/icons/ps.svg]
[assets/css/icons/pt.svg]
[assets/css/icons/pw.svg]
[assets/css/icons/py.svg]
[assets/css/icons/qa.svg]
[assets/css/icons/re.svg]
[assets/css/icons/ro.svg]
[assets/css/icons/rs.svg]
[assets/css/icons/ru.svg]
[assets/css/icons/rw.svg]
[assets/css/icons/sa.svg]
[assets/css/icons/sb.svg]
[assets/css/icons/sc.svg]
[assets/css/icons/sd.svg]
[assets/css/icons/se.svg]
[assets/css/icons/sg.svg]
[assets/css/icons/sh.svg]
[assets/css/icons/si.svg]
[assets/css/icons/sj.svg]
[assets/css/icons/sk.svg]
[assets/css/icons/sl.svg]
[assets/css/icons/sm.svg]
[assets/css/icons/sn.svg]
[assets/css/icons/so.svg]
[assets/css/icons/sr.svg]
[assets/css/icons/ss.svg]
[assets/css/icons/st.svg]
[assets/css/icons/sv.svg]
[assets/css/icons/sx.svg]
[assets/css/icons/sy.svg]
[assets/css/icons/sz.svg]
[assets/css/icons/tc.svg]
[assets/css/icons/td.svg]
[assets/css/icons/tf.svg]
[assets/css/icons/tg.svg]
[assets/css/icons/th.svg]
[assets/css/icons/tj.svg]
[assets/css/icons/tk.svg]
[assets/css/icons/tl.svg]
[assets/css/icons/tm.svg]
[assets/css/icons/tn.svg]
[assets/css/icons/to.svg]
[assets/css/icons/tr.svg]
[assets/css/icons/travelerscheque.svg]
[assets/css/icons/tt.svg]
[assets/css/icons/tv.svg]
[assets/css/icons/tw.svg]
[assets/css/icons/tz.svg]
[assets/css/icons/ua.svg]
[assets/css/icons/ug.svg]
[assets/css/icons/um.svg]
[assets/css/icons/un.svg]
[assets/css/icons/us.svg]
[assets/css/icons/uy.svg]
[assets/css/icons/uz.svg]
[assets/css/icons/va.svg]
[assets/css/icons/vc.svg]
[assets/css/icons/ve.svg]
[assets/css/icons/vg.svg]
[assets/css/icons/vi.svg]
[assets/css/icons/visa.svg]
[assets/css/icons/vn.svg]
[assets/css/icons/vu.svg]
[assets/css/icons/wf.svg]
[assets/css/icons/ws.svg]
[assets/css/icons/ye.svg]
[assets/css/icons/yt.svg]
[assets/css/icons/za.svg]
[assets/css/icons/zm.svg]
[assets/css/icons/zw.svg]
[assets/css/icons/bancontact.svg]
[assets/css/icons/cashicon.svg]
[assets/css/icons/ecocheques.svg]
[assets/css/icons/ticketrestaurant.svg]
[assets/css/icons/visaelectron.svg]
[assets/css/icons/facturatie.svg]
[assets/css/icons/edenred.svg]
[assets/css/icons/eurosymbolblack.svg]
[assets/css/icons/sodexo.svg]
[assets/css/icons/mobilepay.svg]
[assets/css/icons/twint.svg]
[assets/css/icons/vpay.svg]
[assets/css/icons/vipps.svg]
[381d49b3ff295e0d1f33208a895092b6/css/images/layers.html]
[381d49b3ff295e0d1f33208a895092b6/css/images/layers-2x.html]
[381d49b3ff295e0d1f33208a895092b6/css/images/geocoder.html]
[381d49b3ff295e0d1f33208a895092b6/css/images/throbber.html]
[assets/css/icons/6.html]
